Archive member included because of file (symbol)

c:/winavr-20100110/bin/../lib/gcc/avr/4.3.3/avr5\libgcc.a(_mulsi3.o)
                              ../Common/Minimal/integer.o (__mulsi3)
c:/winavr-20100110/bin/../lib/gcc/avr/4.3.3/avr5\libgcc.a(_udivmodhi4.o)
                              ../Common/Minimal/comtest.o (__udivmodhi4)
c:/winavr-20100110/bin/../lib/gcc/avr/4.3.3/avr5\libgcc.a(_udivmodsi4.o)
                              serial/serial.o (__udivmodsi4)
c:/winavr-20100110/bin/../lib/gcc/avr/4.3.3/avr5\libgcc.a(_divmodsi4.o)
                              ../Common/Minimal/integer.o (__divmodsi4)
c:/winavr-20100110/bin/../lib/gcc/avr/4.3.3/avr5\libgcc.a(_exit.o)
                              c:/winavr-20100110/bin/../lib/gcc/avr/4.3.3/../../../../avr/lib/avr5/crtm323.o (exit)
c:/winavr-20100110/bin/../lib/gcc/avr/4.3.3/avr5\libgcc.a(_copy_data.o)
                              main.o (__do_copy_data)
c:/winavr-20100110/bin/../lib/gcc/avr/4.3.3/avr5\libgcc.a(_clear_bss.o)
                              main.o (__do_clear_bss)
c:/winavr-20100110/bin/../lib/gcc/avr/4.3.3/../../../../avr/lib/avr5\libc.a(memcpy.o)
                              ../../Source/queue.o (memcpy)
c:/winavr-20100110/bin/../lib/gcc/avr/4.3.3/../../../../avr/lib/avr5\libc.a(memset.o)
                              ../../Source/tasks.o (memset)
c:/winavr-20100110/bin/../lib/gcc/avr/4.3.3/../../../../avr/lib/avr5\libc.a(strncpy.o)
                              ../../Source/tasks.o (strncpy)
c:/winavr-20100110/bin/../lib/gcc/avr/4.3.3/../../../../avr/lib/avr5\libc.a(eerd_block_atmega323.o)
                              main.o (__eerd_block_m323)
c:/winavr-20100110/bin/../lib/gcc/avr/4.3.3/../../../../avr/lib/avr5\libc.a(eewr_byte_atmega323.o)
                              main.o (__eewr_byte_m323)

Memory Configuration

Name             Origin             Length             Attributes
text             0x00000000         0x00020000         xr
data             0x00800060         0x0000ffa0         rw !x
eeprom           0x00810000         0x00010000         rw !x
fuse             0x00820000         0x00000400         rw !x
lock             0x00830000         0x00000400         rw !x
signature        0x00840000         0x00000400         rw !x
*default*        0x00000000         0xffffffff

Linker script and memory map

LOAD c:/winavr-20100110/bin/../lib/gcc/avr/4.3.3/../../../../avr/lib/avr5/crtm323.o
LOAD main.o
LOAD ParTest/ParTest.o
LOAD serial/serial.o
LOAD regtest.o
LOAD ../../Source/tasks.o
LOAD ../../Source/queue.o
LOAD ../../Source/list.o
LOAD ../../Source/croutine.o
LOAD ../../Source/portable/MemMang/heap_1.o
LOAD ../../Source/portable/GCC/ATMega323/port.o
LOAD ../Common/Minimal/crflash.o
LOAD ../Common/Minimal/integer.o
LOAD ../Common/Minimal/PollQ.o
LOAD ../Common/Minimal/comtest.o
LOAD c:/winavr-20100110/bin/../lib/gcc/avr/4.3.3/../../../../avr/lib/avr5\libm.a
LOAD c:/winavr-20100110/bin/../lib/gcc/avr/4.3.3/avr5\libgcc.a
LOAD c:/winavr-20100110/bin/../lib/gcc/avr/4.3.3/../../../../avr/lib/avr5\libc.a
LOAD c:/winavr-20100110/bin/../lib/gcc/avr/4.3.3/avr5\libgcc.a

.hash
 *(.hash)

.dynsym
 *(.dynsym)

.dynstr
 *(.dynstr)

.gnu.version
 *(.gnu.version)

.gnu.version_d
 *(.gnu.version_d)

.gnu.version_r
 *(.gnu.version_r)

.rel.init
 *(.rel.init)

.rela.init
 *(.rela.init)

.rel.text
 *(.rel.text)
 *(.rel.text.*)
 *(.rel.gnu.linkonce.t*)

.rela.text
 *(.rela.text)
 *(.rela.text.*)
 *(.rela.gnu.linkonce.t*)

.rel.fini
 *(.rel.fini)

.rela.fini
 *(.rela.fini)

.rel.rodata
 *(.rel.rodata)
 *(.rel.rodata.*)
 *(.rel.gnu.linkonce.r*)

.rela.rodata
 *(.rela.rodata)
 *(.rela.rodata.*)
 *(.rela.gnu.linkonce.r*)

.rel.data
 *(.rel.data)
 *(.rel.data.*)
 *(.rel.gnu.linkonce.d*)

.rela.data
 *(.rela.data)
 *(.rela.data.*)
 *(.rela.gnu.linkonce.d*)

.rel.ctors
 *(.rel.ctors)

.rela.ctors
 *(.rela.ctors)

.rel.dtors
 *(.rel.dtors)

.rela.dtors
 *(.rela.dtors)

.rel.got
 *(.rel.got)

.rela.got
 *(.rela.got)

.rel.bss
 *(.rel.bss)

.rela.bss
 *(.rela.bss)

.rel.plt
 *(.rel.plt)

.rela.plt
 *(.rela.plt)

.text           0x00000000     0x266c
 *(.vectors)
 .vectors       0x00000000       0x50 c:/winavr-20100110/bin/../lib/gcc/avr/4.3.3/../../../../avr/lib/avr5/crtm323.o
                0x00000000                __vectors
                0x00000000                __vector_default
 *(.vectors)
 *(.progmem.gcc*)
 *(.progmem*)
                0x00000050                . = ALIGN (0x2)
                0x00000050                __trampolines_start = .
 *(.trampolines)
 .trampolines   0x00000050        0x0 linker stubs
 *(.trampolines*)
                0x00000050                __trampolines_end = .
 *(.jumptables)
 *(.jumptables*)
 *(.lowtext)
 *(.lowtext*)
                0x00000050                __ctors_start = .
 *(.ctors)
                0x00000050                __ctors_end = .
                0x00000050                __dtors_start = .
 *(.dtors)
                0x00000050                __dtors_end = .
 SORT(*)(.ctors)
 SORT(*)(.dtors)
 *(.init0)
 .init0         0x00000050        0x0 c:/winavr-20100110/bin/../lib/gcc/avr/4.3.3/../../../../avr/lib/avr5/crtm323.o
                0x00000050                __init
 *(.init0)
 *(.init1)
 *(.init1)
 *(.init2)
 .init2         0x00000050        0xc c:/winavr-20100110/bin/../lib/gcc/avr/4.3.3/../../../../avr/lib/avr5/crtm323.o
 *(.init2)
 *(.init3)
 *(.init3)
 *(.init4)
 .init4         0x0000005c       0x16 c:/winavr-20100110/bin/../lib/gcc/avr/4.3.3/avr5\libgcc.a(_copy_data.o)
                0x0000005c                __do_copy_data
 .init4         0x00000072       0x10 c:/winavr-20100110/bin/../lib/gcc/avr/4.3.3/avr5\libgcc.a(_clear_bss.o)
                0x00000072                __do_clear_bss
 *(.init4)
 *(.init5)
 *(.init5)
 *(.init6)
 *(.init6)
 *(.init7)
 *(.init7)
 *(.init8)
 *(.init8)
 *(.init9)
 .init9         0x00000082        0x8 c:/winavr-20100110/bin/../lib/gcc/avr/4.3.3/../../../../avr/lib/avr5/crtm323.o
 *(.init9)
 *(.text)
 .text          0x0000008a        0x4 c:/winavr-20100110/bin/../lib/gcc/avr/4.3.3/../../../../avr/lib/avr5/crtm323.o
                0x0000008a                __vector_1
                0x0000008a                __vector_12
                0x0000008a                __bad_interrupt
                0x0000008a                __vector_6
                0x0000008a                __vector_3
                0x0000008a                __vector_11
                0x0000008a                __vector_17
                0x0000008a                __vector_19
                0x0000008a                __vector_5
                0x0000008a                __vector_4
                0x0000008a                __vector_9
                0x0000008a                __vector_2
                0x0000008a                __vector_15
                0x0000008a                __vector_8
                0x0000008a                __vector_10
                0x0000008a                __vector_16
                0x0000008a                __vector_18
 .text          0x0000008e      0x126 main.o
                0x00000094                main
                0x0000008e                vApplicationIdleHook
 .text          0x000001b4       0x9e ParTest/ParTest.o
                0x000001c4                vParTestToggleLED
                0x0000020a                vParTestSetLED
                0x000001b4                vParTestInitialise
 .text          0x00000252      0x1da serial/serial.o
                0x00000252                vSerialClose
                0x000002dc                __vector_13
                0x0000035c                xSerialPutChar
                0x00000390                xSerialGetChar
                0x00000262                __vector_14
                0x000003a4                xSerialPortInitMinimal
 .text          0x0000042c      0x2ec regtest.o
                0x0000042c                xAreRegTestTasksStillRunning
                0x000006c4                vStartRegTestTasks
 .text          0x00000718      0x930 ../../Source/tasks.o
                0x00000d26                vTaskEndScheduler
                0x00000a96                vTaskPlaceOnEventList
                0x00000daa                xTaskGenericCreate
                0x00000724                xTaskGetTickCount
                0x00000862                xTaskRemoveFromEventList
                0x00000c8c                vTaskDelete
                0x000007e6                xTaskCheckForTimeOut
                0x00000718                vTaskSuspendAll
                0x0000073a                xTaskGetTickCountFromISR
                0x0000074c                vTaskSwitchContext
                0x00000746                uxTaskGetNumberOfTasks
                0x000008e0                vTaskIncrementTick
                0x00000c14                vTaskDelayUntil
                0x00000ad0                xTaskResumeAll
                0x00000ff2                vTaskStartScheduler
                0x0000085a                vTaskMissedYield
                0x00000bc6                vTaskDelay
                0x000007d0                vTaskSetTimeOutState
 .text          0x00001048      0x79a ../../Source/queue.o
                0x00001102                xQueueCRReceiveFromISR
                0x0000134e                xQueueGenericSendFromISR
                0x00001178                xQueueCRSendFromISR
                0x00001240                xQueueCRSend
                0x000012ac                vQueueDelete
                0x000015be                xQueueGenericSend
                0x000011b6                xQueueCRReceive
                0x000012c8                xQueueReceiveFromISR
                0x0000178a                xQueueGenericCreate
                0x0000106e                xQueueIsQueueFullFromISR
                0x00001048                uxQueueMessagesWaiting
                0x00001426                xQueueGenericReceive
                0x00001706                xQueueGenericReset
                0x00001058                uxQueueMessagesWaitingFromISR
                0x0000105e                xQueueIsQueueEmptyFromISR
 .text          0x000017e2      0x136 ../../Source/list.o
                0x0000180a                vListInsertEnd
                0x00001802                vListInitialiseItem
                0x000017e2                vListInitialise
                0x000018c6                uxListRemove
                0x0000185c                vListInsert
 .text          0x00001918      0x37c ../../Source/croutine.o
                0x00001918                xCoRoutineRemoveFromEventList
                0x00001ba0                xCoRoutineCreate
                0x00001966                vCoRoutineSchedule
                0x00001b26                vCoRoutineAddToDelayedList
 .text          0x00001c94       0x84 ../../Source/portable/MemMang/heap_1.o
                0x00001ca0                xPortGetFreeHeapSize
                0x00001c94                vPortFree
                0x00001cb4                pvPortMalloc
                0x00001c96                vPortInitialiseBlocks
 .text          0x00001d18      0x26a ../../Source/portable/GCC/ATMega323/port.o
                0x00001da8                xPortStartScheduler
                0x00001e14                vPortYieldFromTick
                0x00001e12                vPortEndScheduler
                0x00001eca                __vector_7
                0x00001ed0                vPortYield
                0x00001d18                pxPortInitialiseStack
 .text          0x00001f82      0x194 ../Common/Minimal/crflash.o
                0x00001f82                xAreFlashCoRoutinesStillRunning
                0x00001f88                vStartFlashCoRoutines
 .text          0x00002116      0x10e ../Common/Minimal/integer.o
                0x000021e4                vStartIntegerMathTasks
                0x000021d6                xAreIntegerMathsTaskStillRunning
 .text          0x00002224      0x19c ../Common/Minimal/PollQ.o
                0x00002224                xArePollingQueuesStillRunning
                0x0000223e                vStartPolledQueueTasks
 .text          0x000023c0      0x150 ../Common/Minimal/comtest.o
                0x000023c0                xAreComTestTasksStillRunning
                0x000023ce                vAltStartComTestTasks
 .text          0x00002510        0x0 c:/winavr-20100110/bin/../lib/gcc/avr/4.3.3/avr5\libgcc.a(_mulsi3.o)
 .text          0x00002510        0x0 c:/winavr-20100110/bin/../lib/gcc/avr/4.3.3/avr5\libgcc.a(_udivmodhi4.o)
 .text          0x00002510        0x0 c:/winavr-20100110/bin/../lib/gcc/avr/4.3.3/avr5\libgcc.a(_udivmodsi4.o)
 .text          0x00002510        0x0 c:/winavr-20100110/bin/../lib/gcc/avr/4.3.3/avr5\libgcc.a(_divmodsi4.o)
 .text          0x00002510        0x0 c:/winavr-20100110/bin/../lib/gcc/avr/4.3.3/avr5\libgcc.a(_exit.o)
 .text          0x00002510        0x0 c:/winavr-20100110/bin/../lib/gcc/avr/4.3.3/avr5\libgcc.a(_copy_data.o)
 .text          0x00002510        0x0 c:/winavr-20100110/bin/../lib/gcc/avr/4.3.3/avr5\libgcc.a(_clear_bss.o)
 .text          0x00002510        0x0 c:/winavr-20100110/bin/../lib/gcc/avr/4.3.3/../../../../avr/lib/avr5\libc.a(memcpy.o)
 .text          0x00002510        0x0 c:/winavr-20100110/bin/../lib/gcc/avr/4.3.3/../../../../avr/lib/avr5\libc.a(memset.o)
 .text          0x00002510        0x0 c:/winavr-20100110/bin/../lib/gcc/avr/4.3.3/../../../../avr/lib/avr5\libc.a(strncpy.o)
 .text          0x00002510        0x0 c:/winavr-20100110/bin/../lib/gcc/avr/4.3.3/../../../../avr/lib/avr5\libc.a(eerd_block_atmega323.o)
 .text          0x00002510        0x0 c:/winavr-20100110/bin/../lib/gcc/avr/4.3.3/../../../../avr/lib/avr5\libc.a(eewr_byte_atmega323.o)
                0x00002510                . = ALIGN (0x2)
 *(.text.*)
 .text.libgcc   0x00002510       0x3e c:/winavr-20100110/bin/../lib/gcc/avr/4.3.3/avr5\libgcc.a(_mulsi3.o)
                0x00002510                __mulsi3
 .text.libgcc   0x0000254e       0x28 c:/winavr-20100110/bin/../lib/gcc/avr/4.3.3/avr5\libgcc.a(_udivmodhi4.o)
                0x0000254e                __udivmodhi4
 .text.libgcc   0x00002576       0x44 c:/winavr-20100110/bin/../lib/gcc/avr/4.3.3/avr5\libgcc.a(_udivmodsi4.o)
                0x00002576                __udivmodsi4
 .text.libgcc   0x000025ba       0x36 c:/winavr-20100110/bin/../lib/gcc/avr/4.3.3/avr5\libgcc.a(_divmodsi4.o)
                0x000025ba                __divmodsi4
 .text.libgcc   0x000025f0        0x0 c:/winavr-20100110/bin/../lib/gcc/avr/4.3.3/avr5\libgcc.a(_exit.o)
 .text.libgcc   0x000025f0        0x0 c:/winavr-20100110/bin/../lib/gcc/avr/4.3.3/avr5\libgcc.a(_copy_data.o)
 .text.libgcc   0x000025f0        0x0 c:/winavr-20100110/bin/../lib/gcc/avr/4.3.3/avr5\libgcc.a(_clear_bss.o)
 .text.avr-libc
                0x000025f0       0x12 c:/winavr-20100110/bin/../lib/gcc/avr/4.3.3/../../../../avr/lib/avr5\libc.a(memcpy.o)
                0x000025f0                memcpy
 .text.avr-libc
                0x00002602        0xe c:/winavr-20100110/bin/../lib/gcc/avr/4.3.3/../../../../avr/lib/avr5\libc.a(memset.o)
                0x00002602                memset
 .text.avr-libc
                0x00002610       0x1e c:/winavr-20100110/bin/../lib/gcc/avr/4.3.3/../../../../avr/lib/avr5\libc.a(strncpy.o)
                0x00002610                strncpy
 .text.avr-libc
                0x0000262e       0x20 c:/winavr-20100110/bin/../lib/gcc/avr/4.3.3/../../../../avr/lib/avr5\libc.a(eerd_block_atmega323.o)
                0x0000262e                __eerd_block_m323
                0x00002632                __eerd_blraw_m323
 .text.avr-libc
                0x0000264e       0x1a c:/winavr-20100110/bin/../lib/gcc/avr/4.3.3/../../../../avr/lib/avr5\libc.a(eewr_byte_atmega323.o)
                0x00002650                __eewr_r18_m323
                0x0000264e                __eewr_byte_m323
                0x00002668                . = ALIGN (0x2)
 *(.fini9)
 .fini9         0x00002668        0x0 c:/winavr-20100110/bin/../lib/gcc/avr/4.3.3/avr5\libgcc.a(_exit.o)
                0x00002668                exit
                0x00002668                _exit
 *(.fini9)
 *(.fini8)
 *(.fini8)
 *(.fini7)
 *(.fini7)
 *(.fini6)
 *(.fini6)
 *(.fini5)
 *(.fini5)
 *(.fini4)
 *(.fini4)
 *(.fini3)
 *(.fini3)
 *(.fini2)
 *(.fini2)
 *(.fini1)
 *(.fini1)
 *(.fini0)
 .fini0         0x00002668        0x4 c:/winavr-20100110/bin/../lib/gcc/avr/4.3.3/avr5\libgcc.a(_exit.o)
 *(.fini0)
                0x0000266c                _etext = .

.data           0x00800060       0x52 load address 0x0000266c
                0x00800060                PROVIDE (__data_start, .)
 *(.data)
 .data          0x00800060        0x0 c:/winavr-20100110/bin/../lib/gcc/avr/4.3.3/../../../../avr/lib/avr5/crtm323.o
 .data          0x00800060        0xa main.o
 .data          0x0080006a        0x1 ParTest/ParTest.o
 .data          0x0080006b        0x0 serial/serial.o
 .data          0x0080006b        0xa regtest.o
 .data          0x00800075        0x7 ../../Source/tasks.o
 .data          0x0080007c        0x0 ../../Source/queue.o
 .data          0x0080007c        0x0 ../../Source/list.o
 .data          0x0080007c        0x0 ../../Source/croutine.o
 .data          0x0080007c        0x0 ../../Source/portable/MemMang/heap_1.o
 .data          0x0080007c        0x0 ../../Source/portable/GCC/ATMega323/port.o
 .data          0x0080007c       0x11 ../Common/Minimal/crflash.o
 .data          0x0080008d        0x8 ../Common/Minimal/integer.o
 .data          0x00800095       0x10 ../Common/Minimal/PollQ.o
 .data          0x008000a5        0xc ../Common/Minimal/comtest.o
 .data          0x008000b1        0x0 c:/winavr-20100110/bin/../lib/gcc/avr/4.3.3/avr5\libgcc.a(_mulsi3.o)
 .data          0x008000b1        0x0 c:/winavr-20100110/bin/../lib/gcc/avr/4.3.3/avr5\libgcc.a(_udivmodhi4.o)
 .data          0x008000b1        0x0 c:/winavr-20100110/bin/../lib/gcc/avr/4.3.3/avr5\libgcc.a(_udivmodsi4.o)
 .data          0x008000b1        0x0 c:/winavr-20100110/bin/../lib/gcc/avr/4.3.3/avr5\libgcc.a(_divmodsi4.o)
 .data          0x008000b1        0x0 c:/winavr-20100110/bin/../lib/gcc/avr/4.3.3/avr5\libgcc.a(_exit.o)
 .data          0x008000b1        0x0 c:/winavr-20100110/bin/../lib/gcc/avr/4.3.3/avr5\libgcc.a(_copy_data.o)
 .data          0x008000b1        0x0 c:/winavr-20100110/bin/../lib/gcc/avr/4.3.3/avr5\libgcc.a(_clear_bss.o)
 .data          0x008000b1        0x0 c:/winavr-20100110/bin/../lib/gcc/avr/4.3.3/../../../../avr/lib/avr5\libc.a(memcpy.o)
 .data          0x008000b1        0x0 c:/winavr-20100110/bin/../lib/gcc/avr/4.3.3/../../../../avr/lib/avr5\libc.a(memset.o)
 .data          0x008000b1        0x0 c:/winavr-20100110/bin/../lib/gcc/avr/4.3.3/../../../../avr/lib/avr5\libc.a(strncpy.o)
 .data          0x008000b1        0x0 c:/winavr-20100110/bin/../lib/gcc/avr/4.3.3/../../../../avr/lib/avr5\libc.a(eerd_block_atmega323.o)
 .data          0x008000b1        0x0 c:/winavr-20100110/bin/../lib/gcc/avr/4.3.3/../../../../avr/lib/avr5\libc.a(eewr_byte_atmega323.o)
 *(.data*)
 *(.rodata)
 *(.rodata*)
 *(.gnu.linkonce.d*)
                0x008000b2                . = ALIGN (0x2)
 *fill*         0x008000b1        0x1 00
                0x008000b2                _edata = .
                0x008000b2                PROVIDE (__data_end, .)

.bss            0x008000b2      0x683
                0x008000b2                PROVIDE (__bss_start, .)
 *(.bss)
 .bss           0x008000b2        0x0 c:/winavr-20100110/bin/../lib/gcc/avr/4.3.3/../../../../avr/lib/avr5/crtm323.o
 .bss           0x008000b2        0x1 main.o
 .bss           0x008000b3        0x0 ParTest/ParTest.o
 .bss           0x008000b3        0x4 serial/serial.o
 .bss           0x008000b7        0x1 regtest.o
                0x008000b7                xRegTestError
 .bss           0x008000b8       0x5a ../../Source/tasks.o
                0x008000b8                pxCurrentTCB
 .bss           0x00800112        0x0 ../../Source/queue.o
 .bss           0x00800112        0x0 ../../Source/list.o
 .bss           0x00800112       0x3a ../../Source/croutine.o
                0x00800112                pxCurrentCoRoutine
 .bss           0x0080014c      0x5e0 ../../Source/portable/MemMang/heap_1.o
 .bss           0x0080072c        0x0 ../../Source/portable/GCC/ATMega323/port.o
 .bss           0x0080072c        0x2 ../Common/Minimal/crflash.o
 .bss           0x0080072e        0x1 ../Common/Minimal/integer.o
 .bss           0x0080072f        0x4 ../Common/Minimal/PollQ.o
 .bss           0x00800733        0x2 ../Common/Minimal/comtest.o
 .bss           0x00800735        0x0 c:/winavr-20100110/bin/../lib/gcc/avr/4.3.3/avr5\libgcc.a(_mulsi3.o)
 .bss           0x00800735        0x0 c:/winavr-20100110/bin/../lib/gcc/avr/4.3.3/avr5\libgcc.a(_udivmodhi4.o)
 .bss           0x00800735        0x0 c:/winavr-20100110/bin/../lib/gcc/avr/4.3.3/avr5\libgcc.a(_udivmodsi4.o)
 .bss           0x00800735        0x0 c:/winavr-20100110/bin/../lib/gcc/avr/4.3.3/avr5\libgcc.a(_divmodsi4.o)
 .bss           0x00800735        0x0 c:/winavr-20100110/bin/../lib/gcc/avr/4.3.3/avr5\libgcc.a(_exit.o)
 .bss           0x00800735        0x0 c:/winavr-20100110/bin/../lib/gcc/avr/4.3.3/avr5\libgcc.a(_copy_data.o)
 .bss           0x00800735        0x0 c:/winavr-20100110/bin/../lib/gcc/avr/4.3.3/avr5\libgcc.a(_clear_bss.o)
 .bss           0x00800735        0x0 c:/winavr-20100110/bin/../lib/gcc/avr/4.3.3/../../../../avr/lib/avr5\libc.a(memcpy.o)
 .bss           0x00800735        0x0 c:/winavr-20100110/bin/../lib/gcc/avr/4.3.3/../../../../avr/lib/avr5\libc.a(memset.o)
 .bss           0x00800735        0x0 c:/winavr-20100110/bin/../lib/gcc/avr/4.3.3/../../../../avr/lib/avr5\libc.a(strncpy.o)
 .bss           0x00800735        0x0 c:/winavr-20100110/bin/../lib/gcc/avr/4.3.3/../../../../avr/lib/avr5\libc.a(eerd_block_atmega323.o)
 .bss           0x00800735        0x0 c:/winavr-20100110/bin/../lib/gcc/avr/4.3.3/../../../../avr/lib/avr5\libc.a(eewr_byte_atmega323.o)
 *(.bss*)
 *(COMMON)
                0x00800735                PROVIDE (__bss_end, .)
                0x0000266c                __data_load_start = LOADADDR (.data)
                0x000026be                __data_load_end = (__data_load_start + SIZEOF (.data))

.noinit         0x00800735        0x0
                0x00800735                PROVIDE (__noinit_start, .)
 *(.noinit*)
                0x00800735                PROVIDE (__noinit_end, .)
                0x00800735                _end = .
                0x00800735                PROVIDE (__heap_start, .)

.eeprom         0x00810000        0x0
 *(.eeprom*)
                0x00810000                __eeprom_end = .

.fuse
 *(.fuse)
 *(.lfuse)
 *(.hfuse)
 *(.efuse)

.lock
 *(.lock*)

.signature
 *(.signature*)

.stab
 *(.stab)

.stabstr
 *(.stabstr)

.stab.excl
 *(.stab.excl)

.stab.exclstr
 *(.stab.exclstr)

.stab.index
 *(.stab.index)

.stab.indexstr
 *(.stab.indexstr)

.comment
 *(.comment)

.debug
 *(.debug)

.line
 *(.line)

.debug_srcinfo
 *(.debug_srcinfo)

.debug_sfnames
 *(.debug_sfnames)

.debug_aranges  0x00000000      0x1c0
 *(.debug_aranges)
 .debug_aranges
                0x00000000       0x20 main.o
 .debug_aranges
                0x00000020       0x20 ParTest/ParTest.o
 .debug_aranges
                0x00000040       0x20 serial/serial.o
 .debug_aranges
                0x00000060       0x20 regtest.o
 .debug_aranges
                0x00000080       0x20 ../../Source/tasks.o
 .debug_aranges
                0x000000a0       0x20 ../../Source/queue.o
 .debug_aranges
                0x000000c0       0x20 ../../Source/list.o
 .debug_aranges
                0x000000e0       0x20 ../../Source/croutine.o
 .debug_aranges
                0x00000100       0x20 ../../Source/portable/MemMang/heap_1.o
 .debug_aranges
                0x00000120       0x20 ../../Source/portable/GCC/ATMega323/port.o
 .debug_aranges
                0x00000140       0x20 ../Common/Minimal/crflash.o
 .debug_aranges
                0x00000160       0x20 ../Common/Minimal/integer.o
 .debug_aranges
                0x00000180       0x20 ../Common/Minimal/PollQ.o
 .debug_aranges
                0x000001a0       0x20 ../Common/Minimal/comtest.o

.debug_pubnames
                0x00000000      0x7e2
 *(.debug_pubnames)
 .debug_pubnames
                0x00000000       0x34 main.o
 .debug_pubnames
                0x00000034       0x52 ParTest/ParTest.o
 .debug_pubnames
                0x00000086       0x84 serial/serial.o
 .debug_pubnames
                0x0000010a       0x5c regtest.o
 .debug_pubnames
                0x00000166      0x1bc ../../Source/tasks.o
 .debug_pubnames
                0x00000322      0x187 ../../Source/queue.o
 .debug_pubnames
                0x000004a9       0x72 ../../Source/list.o
 .debug_pubnames
                0x0000051b       0x96 ../../Source/croutine.o
 .debug_pubnames
                0x000005b1       0x64 ../../Source/portable/MemMang/heap_1.o
 .debug_pubnames
                0x00000615       0x8f ../../Source/portable/GCC/ATMega323/port.o
 .debug_pubnames
                0x000006a4       0x50 ../Common/Minimal/crflash.o
 .debug_pubnames
                0x000006f4       0x52 ../Common/Minimal/integer.o
 .debug_pubnames
                0x00000746       0x4f ../Common/Minimal/PollQ.o
 .debug_pubnames
                0x00000795       0x4d ../Common/Minimal/comtest.o

.debug_info     0x00000000     0x2dec
 *(.debug_info)
 .debug_info    0x00000000      0x14e main.o
 .debug_info    0x0000014e      0x116 ParTest/ParTest.o
 .debug_info    0x00000264      0x287 serial/serial.o
 .debug_info    0x000004eb      0x115 regtest.o
 .debug_info    0x00000600      0xb71 ../../Source/tasks.o
 .debug_info    0x00001171      0xa0d ../../Source/queue.o
 .debug_info    0x00001b7e      0x2b5 ../../Source/list.o
 .debug_info    0x00001e33      0x504 ../../Source/croutine.o
 .debug_info    0x00002337      0x157 ../../Source/portable/MemMang/heap_1.o
 .debug_info    0x0000248e      0x1c2 ../../Source/portable/GCC/ATMega323/port.o
 .debug_info    0x00002650      0x2b2 ../Common/Minimal/crflash.o
 .debug_info    0x00002902      0x16d ../Common/Minimal/integer.o
 .debug_info    0x00002a6f      0x1aa ../Common/Minimal/PollQ.o
 .debug_info    0x00002c19      0x1d3 ../Common/Minimal/comtest.o
 *(.gnu.linkonce.wi.*)

.debug_abbrev   0x00000000      0xfaf
 *(.debug_abbrev)
 .debug_abbrev  0x00000000       0xff main.o
 .debug_abbrev  0x000000ff       0x93 ParTest/ParTest.o
 .debug_abbrev  0x00000192       0xfd serial/serial.o
 .debug_abbrev  0x0000028f       0xce regtest.o
 .debug_abbrev  0x0000035d      0x255 ../../Source/tasks.o
 .debug_abbrev  0x000005b2      0x1bf ../../Source/queue.o
 .debug_abbrev  0x00000771       0xdf ../../Source/list.o
 .debug_abbrev  0x00000850      0x1ce ../../Source/croutine.o
 .debug_abbrev  0x00000a1e       0xfa ../../Source/portable/MemMang/heap_1.o
 .debug_abbrev  0x00000b18      0x118 ../../Source/portable/GCC/ATMega323/port.o
 .debug_abbrev  0x00000c30      0x110 ../Common/Minimal/crflash.o
 .debug_abbrev  0x00000d40       0xcc ../Common/Minimal/integer.o
 .debug_abbrev  0x00000e0c       0xc0 ../Common/Minimal/PollQ.o
 .debug_abbrev  0x00000ecc       0xe3 ../Common/Minimal/comtest.o

.debug_line     0x00000000     0x2d72
 *(.debug_line)
 .debug_line    0x00000000      0x143 main.o
 .debug_line    0x00000143      0x11d ParTest/ParTest.o
 .debug_line    0x00000260      0x217 serial/serial.o
 .debug_line    0x00000477      0x8d6 regtest.o
 .debug_line    0x00000d4d      0x7a3 ../../Source/tasks.o
 .debug_line    0x000014f0      0x91c ../../Source/queue.o
 .debug_line    0x00001e0c      0x22c ../../Source/list.o
 .debug_line    0x00002038      0x32f ../../Source/croutine.o
 .debug_line    0x00002367      0x133 ../../Source/portable/MemMang/heap_1.o
 .debug_line    0x0000249a      0x2bd ../../Source/portable/GCC/ATMega323/port.o
 .debug_line    0x00002757      0x1b6 ../Common/Minimal/crflash.o
 .debug_line    0x0000290d      0x10a ../Common/Minimal/integer.o
 .debug_line    0x00002a17      0x17d ../Common/Minimal/PollQ.o
 .debug_line    0x00002b94      0x1de ../Common/Minimal/comtest.o

.debug_frame    0x00000000      0x650
 *(.debug_frame)
 .debug_frame   0x00000000       0x40 main.o
 .debug_frame   0x00000040       0x40 ParTest/ParTest.o
 .debug_frame   0x00000080       0x70 serial/serial.o
 .debug_frame   0x000000f0       0x50 regtest.o
 .debug_frame   0x00000140      0x150 ../../Source/tasks.o
 .debug_frame   0x00000290      0x120 ../../Source/queue.o
 .debug_frame   0x000003b0       0x60 ../../Source/list.o
 .debug_frame   0x00000410       0x50 ../../Source/croutine.o
 .debug_frame   0x00000460       0x50 ../../Source/portable/MemMang/heap_1.o
 .debug_frame   0x000004b0       0x70 ../../Source/portable/GCC/ATMega323/port.o
 .debug_frame   0x00000520       0x50 ../Common/Minimal/crflash.o
 .debug_frame   0x00000570       0x40 ../Common/Minimal/integer.o
 .debug_frame   0x000005b0       0x50 ../Common/Minimal/PollQ.o
 .debug_frame   0x00000600       0x50 ../Common/Minimal/comtest.o

.debug_str      0x00000000     0x148c
 *(.debug_str)
 .debug_str     0x00000000      0x153 main.o
                                0x18c (size before relaxing)
 .debug_str     0x00000153       0x6e ParTest/ParTest.o
                                0x152 (size before relaxing)
 .debug_str     0x000001c1      0x11e serial/serial.o
                                0x221 (size before relaxing)
 .debug_str     0x000002df       0x6c regtest.o
                                0x165 (size before relaxing)
 .debug_str     0x0000034b      0x62c ../../Source/tasks.o
                                0x745 (size before relaxing)
 .debug_str     0x00000977      0x326 ../../Source/queue.o
                                0x53f (size before relaxing)
 .debug_str     0x00000c9d       0xa8 ../../Source/list.o
                                0x217 (size before relaxing)
 .debug_str     0x00000d45      0x24c ../../Source/croutine.o
                                0x43a (size before relaxing)
 .debug_str     0x00000f91       0xa2 ../../Source/portable/MemMang/heap_1.o
                                0x18d (size before relaxing)
 .debug_str     0x00001033      0x135 ../../Source/portable/GCC/ATMega323/port.o
                                0x1e6 (size before relaxing)
 .debug_str     0x00001168       0xd7 ../Common/Minimal/crflash.o
                                0x2a5 (size before relaxing)
 .debug_str     0x0000123f       0x9c ../Common/Minimal/integer.o
                                0x1aa (size before relaxing)
 .debug_str     0x000012db       0xde ../Common/Minimal/PollQ.o
                                0x1ef (size before relaxing)
 .debug_str     0x000013b9       0xd3 ../Common/Minimal/comtest.o
                                0x1ff (size before relaxing)

.debug_loc      0x00000000     0x16dd
 *(.debug_loc)
 .debug_loc     0x00000000       0x18 main.o
 .debug_loc     0x00000018       0xa1 ParTest/ParTest.o
 .debug_loc     0x000000b9      0x152 serial/serial.o
 .debug_loc     0x0000020b      0x4fc ../../Source/tasks.o
 .debug_loc     0x00000707      0x91e ../../Source/queue.o
 .debug_loc     0x00001025      0x100 ../../Source/list.o
 .debug_loc     0x00001125      0x190 ../../Source/croutine.o
 .debug_loc     0x000012b5       0x60 ../../Source/portable/MemMang/heap_1.o
 .debug_loc     0x00001315       0x3b ../../Source/portable/GCC/ATMega323/port.o
 .debug_loc     0x00001350      0x162 ../Common/Minimal/crflash.o
 .debug_loc     0x000014b2       0x36 ../Common/Minimal/integer.o
 .debug_loc     0x000014e8       0xae ../Common/Minimal/PollQ.o
 .debug_loc     0x00001596      0x147 ../Common/Minimal/comtest.o

.debug_macinfo
 *(.debug_macinfo)
OUTPUT(rtosdemo.elf elf32-avr)
LOAD linker stubs

.debug_ranges   0x00000000       0x30
 .debug_ranges  0x00000000       0x18 main.o
 .debug_ranges  0x00000018       0x18 ../../Source/tasks.o

Cross Reference Table

Symbol                                            File
__bad_interrupt                                   c:/winavr-20100110/bin/../lib/gcc/avr/4.3.3/../../../../avr/lib/avr5/crtm323.o
__bss_end                                         c:/winavr-20100110/bin/../lib/gcc/avr/4.3.3/avr5\libgcc.a(_clear_bss.o)
__bss_start                                       c:/winavr-20100110/bin/../lib/gcc/avr/4.3.3/avr5\libgcc.a(_clear_bss.o)
__data_end                                        c:/winavr-20100110/bin/../lib/gcc/avr/4.3.3/avr5\libgcc.a(_copy_data.o)
__data_load_start                                 c:/winavr-20100110/bin/../lib/gcc/avr/4.3.3/avr5\libgcc.a(_copy_data.o)
__data_start                                      c:/winavr-20100110/bin/../lib/gcc/avr/4.3.3/avr5\libgcc.a(_copy_data.o)
__divmodsi4                                       c:/winavr-20100110/bin/../lib/gcc/avr/4.3.3/avr5\libgcc.a(_divmodsi4.o)
                                                  ../Common/Minimal/integer.o
__do_clear_bss                                    c:/winavr-20100110/bin/../lib/gcc/avr/4.3.3/avr5\libgcc.a(_clear_bss.o)
                                                  ../Common/Minimal/comtest.o
                                                  ../Common/Minimal/PollQ.o
                                                  ../Common/Minimal/integer.o
                                                  ../Common/Minimal/crflash.o
                                                  ../../Source/portable/MemMang/heap_1.o
                                                  ../../Source/croutine.o
                                                  ../../Source/tasks.o
                                                  regtest.o
                                                  serial/serial.o
                                                  main.o
__do_copy_data                                    c:/winavr-20100110/bin/../lib/gcc/avr/4.3.3/avr5\libgcc.a(_copy_data.o)
                                                  ../Common/Minimal/comtest.o
                                                  ../Common/Minimal/PollQ.o
                                                  ../Common/Minimal/integer.o
                                                  ../Common/Minimal/crflash.o
                                                  ../../Source/tasks.o
                                                  regtest.o
                                                  ParTest/ParTest.o
                                                  main.o
__eerd_block_m323                                 c:/winavr-20100110/bin/../lib/gcc/avr/4.3.3/../../../../avr/lib/avr5\libc.a(eerd_block_atmega323.o)
                                                  main.o
__eerd_blraw_m323                                 c:/winavr-20100110/bin/../lib/gcc/avr/4.3.3/../../../../avr/lib/avr5\libc.a(eerd_block_atmega323.o)
__eewr_byte_m323                                  c:/winavr-20100110/bin/../lib/gcc/avr/4.3.3/../../../../avr/lib/avr5\libc.a(eewr_byte_atmega323.o)
                                                  main.o
__eewr_r18_m323                                   c:/winavr-20100110/bin/../lib/gcc/avr/4.3.3/../../../../avr/lib/avr5\libc.a(eewr_byte_atmega323.o)
__heap_end                                        c:/winavr-20100110/bin/../lib/gcc/avr/4.3.3/../../../../avr/lib/avr5/crtm323.o
__init                                            c:/winavr-20100110/bin/../lib/gcc/avr/4.3.3/../../../../avr/lib/avr5/crtm323.o
__mulsi3                                          c:/winavr-20100110/bin/../lib/gcc/avr/4.3.3/avr5\libgcc.a(_mulsi3.o)
                                                  ../Common/Minimal/integer.o
__stack                                           c:/winavr-20100110/bin/../lib/gcc/avr/4.3.3/../../../../avr/lib/avr5/crtm323.o
__udivmodhi4                                      c:/winavr-20100110/bin/../lib/gcc/avr/4.3.3/avr5\libgcc.a(_udivmodhi4.o)
                                                  ../Common/Minimal/comtest.o
__udivmodsi4                                      c:/winavr-20100110/bin/../lib/gcc/avr/4.3.3/avr5\libgcc.a(_udivmodsi4.o)
                                                  c:/winavr-20100110/bin/../lib/gcc/avr/4.3.3/avr5\libgcc.a(_divmodsi4.o)
                                                  serial/serial.o
__vector_1                                        c:/winavr-20100110/bin/../lib/gcc/avr/4.3.3/../../../../avr/lib/avr5/crtm323.o
__vector_10                                       c:/winavr-20100110/bin/../lib/gcc/avr/4.3.3/../../../../avr/lib/avr5/crtm323.o
__vector_11                                       c:/winavr-20100110/bin/../lib/gcc/avr/4.3.3/../../../../avr/lib/avr5/crtm323.o
__vector_12                                       c:/winavr-20100110/bin/../lib/gcc/avr/4.3.3/../../../../avr/lib/avr5/crtm323.o
__vector_13                                       serial/serial.o
                                                  c:/winavr-20100110/bin/../lib/gcc/avr/4.3.3/../../../../avr/lib/avr5/crtm323.o
__vector_14                                       serial/serial.o
                                                  c:/winavr-20100110/bin/../lib/gcc/avr/4.3.3/../../../../avr/lib/avr5/crtm323.o
__vector_15                                       c:/winavr-20100110/bin/../lib/gcc/avr/4.3.3/../../../../avr/lib/avr5/crtm323.o
__vector_16                                       c:/winavr-20100110/bin/../lib/gcc/avr/4.3.3/../../../../avr/lib/avr5/crtm323.o
__vector_17                                       c:/winavr-20100110/bin/../lib/gcc/avr/4.3.3/../../../../avr/lib/avr5/crtm323.o
__vector_18                                       c:/winavr-20100110/bin/../lib/gcc/avr/4.3.3/../../../../avr/lib/avr5/crtm323.o
__vector_19                                       c:/winavr-20100110/bin/../lib/gcc/avr/4.3.3/../../../../avr/lib/avr5/crtm323.o
__vector_2                                        c:/winavr-20100110/bin/../lib/gcc/avr/4.3.3/../../../../avr/lib/avr5/crtm323.o
__vector_3                                        c:/winavr-20100110/bin/../lib/gcc/avr/4.3.3/../../../../avr/lib/avr5/crtm323.o
__vector_4                                        c:/winavr-20100110/bin/../lib/gcc/avr/4.3.3/../../../../avr/lib/avr5/crtm323.o
__vector_5                                        c:/winavr-20100110/bin/../lib/gcc/avr/4.3.3/../../../../avr/lib/avr5/crtm323.o
__vector_6                                        c:/winavr-20100110/bin/../lib/gcc/avr/4.3.3/../../../../avr/lib/avr5/crtm323.o
__vector_7                                        ../../Source/portable/GCC/ATMega323/port.o
                                                  c:/winavr-20100110/bin/../lib/gcc/avr/4.3.3/../../../../avr/lib/avr5/crtm323.o
__vector_8                                        c:/winavr-20100110/bin/../lib/gcc/avr/4.3.3/../../../../avr/lib/avr5/crtm323.o
__vector_9                                        c:/winavr-20100110/bin/../lib/gcc/avr/4.3.3/../../../../avr/lib/avr5/crtm323.o
__vector_default                                  c:/winavr-20100110/bin/../lib/gcc/avr/4.3.3/../../../../avr/lib/avr5/crtm323.o
__vectors                                         c:/winavr-20100110/bin/../lib/gcc/avr/4.3.3/../../../../avr/lib/avr5/crtm323.o
_exit                                             c:/winavr-20100110/bin/../lib/gcc/avr/4.3.3/avr5\libgcc.a(_exit.o)
exit                                              c:/winavr-20100110/bin/../lib/gcc/avr/4.3.3/avr5\libgcc.a(_exit.o)
                                                  c:/winavr-20100110/bin/../lib/gcc/avr/4.3.3/../../../../avr/lib/avr5/crtm323.o
main                                              main.o
                                                  c:/winavr-20100110/bin/../lib/gcc/avr/4.3.3/../../../../avr/lib/avr5/crtm323.o
memcpy                                            c:/winavr-20100110/bin/../lib/gcc/avr/4.3.3/../../../../avr/lib/avr5\libc.a(memcpy.o)
                                                  ../../Source/queue.o
memset                                            c:/winavr-20100110/bin/../lib/gcc/avr/4.3.3/../../../../avr/lib/avr5\libc.a(memset.o)
                                                  ../../Source/tasks.o
pvPortMalloc                                      ../../Source/portable/MemMang/heap_1.o
                                                  ../../Source/croutine.o
                                                  ../../Source/queue.o
                                                  ../../Source/tasks.o
pxCurrentCoRoutine                                ../../Source/croutine.o
pxCurrentTCB                                      ../../Source/tasks.o
                                                  ../../Source/portable/GCC/ATMega323/port.o
pxPortInitialiseStack                             ../../Source/portable/GCC/ATMega323/port.o
                                                  ../../Source/tasks.o
strncpy                                           c:/winavr-20100110/bin/../lib/gcc/avr/4.3.3/../../../../avr/lib/avr5\libc.a(strncpy.o)
                                                  ../../Source/tasks.o
uxListRemove                                      ../../Source/list.o
                                                  ../../Source/croutine.o
                                                  ../../Source/tasks.o
uxQueueMessagesWaiting                            ../../Source/queue.o
                                                  ../Common/Minimal/PollQ.o
uxQueueMessagesWaitingFromISR                     ../../Source/queue.o
uxTaskGetNumberOfTasks                            ../../Source/tasks.o
vAltStartComTestTasks                             ../Common/Minimal/comtest.o
                                                  main.o
vApplicationIdleHook                              main.o
                                                  ../../Source/tasks.o
vCoRoutineAddToDelayedList                        ../../Source/croutine.o
                                                  ../Common/Minimal/crflash.o
                                                  ../../Source/queue.o
vCoRoutineSchedule                                ../../Source/croutine.o
                                                  main.o
vListInitialise                                   ../../Source/list.o
                                                  ../../Source/croutine.o
                                                  ../../Source/queue.o
                                                  ../../Source/tasks.o
vListInitialiseItem                               ../../Source/list.o
                                                  ../../Source/croutine.o
                                                  ../../Source/tasks.o
vListInsert                                       ../../Source/list.o
                                                  ../../Source/croutine.o
                                                  ../../Source/tasks.o
vListInsertEnd                                    ../../Source/list.o
                                                  ../../Source/croutine.o
                                                  ../../Source/tasks.o
vParTestInitialise                                ParTest/ParTest.o
                                                  main.o
vParTestSetLED                                    ParTest/ParTest.o
                                                  ../Common/Minimal/comtest.o
vParTestToggleLED                                 ParTest/ParTest.o
                                                  ../Common/Minimal/comtest.o
                                                  ../Common/Minimal/crflash.o
                                                  main.o
vPortEndScheduler                                 ../../Source/portable/GCC/ATMega323/port.o
                                                  ../../Source/tasks.o
vPortFree                                         ../../Source/portable/MemMang/heap_1.o
                                                  ../../Source/queue.o
                                                  ../../Source/tasks.o
vPortInitialiseBlocks                             ../../Source/portable/MemMang/heap_1.o
vPortYield                                        ../../Source/portable/GCC/ATMega323/port.o
                                                  ../../Source/queue.o
                                                  ../../Source/tasks.o
                                                  serial/serial.o
vPortYieldFromTick                                ../../Source/portable/GCC/ATMega323/port.o
vQueueDelete                                      ../../Source/queue.o
vSerialClose                                      serial/serial.o
vStartFlashCoRoutines                             ../Common/Minimal/crflash.o
                                                  main.o
vStartIntegerMathTasks                            ../Common/Minimal/integer.o
                                                  main.o
vStartPolledQueueTasks                            ../Common/Minimal/PollQ.o
                                                  main.o
vStartRegTestTasks                                regtest.o
                                                  main.o
vTaskDelay                                        ../../Source/tasks.o
                                                  ../Common/Minimal/comtest.o
                                                  ../Common/Minimal/PollQ.o
                                                  main.o
vTaskDelayUntil                                   ../../Source/tasks.o
vTaskDelete                                       ../../Source/tasks.o
vTaskEndScheduler                                 ../../Source/tasks.o
vTaskIncrementTick                                ../../Source/tasks.o
                                                  ../../Source/portable/GCC/ATMega323/port.o
vTaskMissedYield                                  ../../Source/tasks.o
                                                  ../../Source/queue.o
vTaskPlaceOnEventList                             ../../Source/tasks.o
                                                  ../../Source/queue.o
vTaskSetTimeOutState                              ../../Source/tasks.o
                                                  ../../Source/queue.o
vTaskStartScheduler                               ../../Source/tasks.o
                                                  main.o
vTaskSuspendAll                                   ../../Source/tasks.o
                                                  ../../Source/portable/MemMang/heap_1.o
                                                  ../../Source/queue.o
                                                  ParTest/ParTest.o
vTaskSwitchContext                                ../../Source/tasks.o
                                                  ../../Source/portable/GCC/ATMega323/port.o
xAreComTestTasksStillRunning                      ../Common/Minimal/comtest.o
                                                  main.o
xAreFlashCoRoutinesStillRunning                   ../Common/Minimal/crflash.o
xAreIntegerMathsTaskStillRunning                  ../Common/Minimal/integer.o
                                                  main.o
xArePollingQueuesStillRunning                     ../Common/Minimal/PollQ.o
                                                  main.o
xAreRegTestTasksStillRunning                      regtest.o
                                                  main.o
xCoRoutineCreate                                  ../../Source/croutine.o
                                                  ../Common/Minimal/crflash.o
xCoRoutineRemoveFromEventList                     ../../Source/croutine.o
                                                  ../../Source/queue.o
xPortGetFreeHeapSize                              ../../Source/portable/MemMang/heap_1.o
xPortStartScheduler                               ../../Source/portable/GCC/ATMega323/port.o
                                                  ../../Source/tasks.o
xQueueCRReceive                                   ../../Source/queue.o
                                                  ../Common/Minimal/crflash.o
xQueueCRReceiveFromISR                            ../../Source/queue.o
xQueueCRSend                                      ../../Source/queue.o
                                                  ../Common/Minimal/crflash.o
xQueueCRSendFromISR                               ../../Source/queue.o
xQueueGenericCreate                               ../../Source/queue.o
                                                  ../Common/Minimal/PollQ.o
                                                  ../Common/Minimal/crflash.o
                                                  serial/serial.o
xQueueGenericReceive                              ../../Source/queue.o
                                                  ../Common/Minimal/PollQ.o
                                                  serial/serial.o
xQueueGenericReset                                ../../Source/queue.o
xQueueGenericSend                                 ../../Source/queue.o
                                                  ../Common/Minimal/PollQ.o
                                                  serial/serial.o
xQueueGenericSendFromISR                          ../../Source/queue.o
                                                  serial/serial.o
xQueueIsQueueEmptyFromISR                         ../../Source/queue.o
xQueueIsQueueFullFromISR                          ../../Source/queue.o
xQueueReceiveFromISR                              ../../Source/queue.o
                                                  serial/serial.o
xRegTestError                                     regtest.o
xSerialGetChar                                    serial/serial.o
                                                  ../Common/Minimal/comtest.o
xSerialPortInitMinimal                            serial/serial.o
                                                  ../Common/Minimal/comtest.o
xSerialPutChar                                    serial/serial.o
                                                  ../Common/Minimal/comtest.o
xTaskCheckForTimeOut                              ../../Source/tasks.o
                                                  ../../Source/queue.o
xTaskGenericCreate                                ../../Source/tasks.o
                                                  ../Common/Minimal/comtest.o
                                                  ../Common/Minimal/PollQ.o
                                                  ../Common/Minimal/integer.o
                                                  regtest.o
                                                  main.o
xTaskGetTickCount                                 ../../Source/tasks.o
                                                  ../Common/Minimal/comtest.o
                                                  ../../Source/croutine.o
xTaskGetTickCountFromISR                          ../../Source/tasks.o
xTaskRemoveFromEventList                          ../../Source/tasks.o
                                                  ../../Source/queue.o
xTaskResumeAll                                    ../../Source/tasks.o
                                                  ../../Source/portable/MemMang/heap_1.o
                                                  ../../Source/queue.o
                                                  ParTest/ParTest.o
